package ps3107

import (
	"fmt"
	"slices"
)

// cmp.Compare passed DIRECTLY as the comparator is the same anti-pattern
// minus the closure layer; it rewrites identically and its deletion drops
// this file's only cmp reference, so the spec-in-group import is pruned.
func sortFuncValue(xs []int, ys []string) {
	slices.Sort(xs) // want `slices\.Sort sorts the int elements with the identical ascending order and the comparison inlined`
	slices.Sort(ys) // want `slices\.Sort sorts the string elements with the identical ascending order and the comparison inlined`
	fmt.Println(xs, ys)
}
