package ps2137

// The only fmt reference in this FILE is the fixable Sprintf itself: the
// rewrite orphans the import, and the fix pipeline prunes the now-unused
// fmt import afterwards, so the fix applies (non-cgo file) and adds the
// strconv import it needs.

import "strconv"

func orphanSprintf(n int) string {
	return strconv.Itoa(n) // want `fmt\.Sprint\(x\) / fmt\.Sprintf\("%v", x\) on a bool/int/float pays fmt's reflection for a value strconv formats directly`
}
