package ps5006

import (
	"strings"
	"unicode"
)

// The spec after "bytes" already sorts after "strings", so the orphaned
// bytes spec is swapped for "strings" in place and the group stays
// gofmt-sorted.
func swapInPlace(s string) (string, bool) {
	t := strings.TrimSuffix(s, ";") // want `string\(bytes\.TrimSuffix\(\[\]byte\(s\), \[\]byte\(suffix\)\)\) copies`
	ok := len(t) > 0 && unicode.IsLetter(rune(t[0]))
	return t, ok
}
