package ps3017

import (
	"fmt"
	sl "slices"
)

// The package is resolved by IMPORT PATH, not spelling: an aliased slices
// keeps its alias in the rewrite. The comparator references nothing but its
// own parameters and literals, so no import is ever orphaned.
func sortAliased(xs []int) {
	sl.Sort(xs) // want `slices\.SortStableFunc with a hand-rolled three-way comparator \(a<b/a>b/-1/1/0\) pays an indirect comparator call plus up to two relational comparisons per comparison and the stable sort's merge overhead; slices\.Sort sorts the int elements with the identical ascending order, a single inlined comparison and no stability cost`
	fmt.Println(xs)
}
