package ps2017

import (
	"bytes"
	"strings"
	"unicode"
)

// The file keeps another bytes reference after the rewrite, so the
// bytes import stays and only strings is added.
func keepBytes(s string, b []byte) (string, []byte) {
	t := strings.Map(unicode.ToUpper, s) // want `string\(bytes\.Map\(f, \[\]byte\(s\)\)\) copies`
	return t, bytes.TrimSpace(b)
}

// A nested match: both sites are rewritten (the operand of the outer
// site is kept verbatim, so the inner rewrite composes with it).
func nested(s string) string {
	return strings.Map(unicode.ToUpper, strings.Map(unicode.ToLower, s)) // want `string\(bytes\.Map\(f, \[\]byte\(s\)\)\) copies` `string\(bytes\.Map\(f, \[\]byte\(s\)\)\) copies`
}
