package ps5049alias

import f "fmt"

// The fmt import is aliased; the alias must be carried through into the
// Appendf rewrite (f.Sprintf -> f.Appendf), never a hard-coded "fmt".
func aliased(dst []byte, id int) []byte {
	return f.Appendf(dst, "id=%d", id) // want `fmt\.Appendf\(dst, \.\.\.\) formats into dst directly`
}
