package ps3007

import "slices"

func use(bool) {}

func report(map[int64]bool) {}

// keepSlices references the slices import before any fix rewrites probes to
// slices.Contains.
func keepSlices(xs []int64, x int64) bool { return slices.Contains(xs, x) }

func probeOnly(seq []int64, window []int64) {
	for _, tok := range window {
		use(slices.Contains(seq, tok)) // want `set breakers is built from slice seq and only probed; for a small source, scanning seq directly beats the map build plus a hash per probe \(crossover ≈8–16 elements\)`
	}
}

func structSet(seq []string, window []string) {
	seen := map[string]struct{}{}
	for _, s := range seq {
		seen[s] = struct{}{}
	}
	for _, w := range window {
		_, ok := seen[w] // want `set seen is built from slice seq and only probed; for a small source, scanning seq directly beats the map build plus a hash per probe \(crossover ≈8–16 elements\)`
		use(ok)
	}
}

// The set is written after its build loop: a mutable working set genuinely
// needs a map.
func mutable(seq []int64, window []int64) {
	avail := make(map[int64]bool, len(seq))
	for _, b := range seq {
		avail[b] = true
	}
	for _, tok := range window {
		if avail[tok] {
			avail[tok] = false
		}
	}
}

// Build guarded by a size threshold: this code has already taken the advice
// and keeps the map as its large-set fallback.
func thresholdGuarded(seq []int64, window []int64) {
	if len(seq) > 16 {
		breakers := make(map[int64]bool, len(seq))
		for _, b := range seq {
			breakers[b] = true
		}
		for _, tok := range window {
			use(breakers[tok])
		}
	}
}

// An emptiness guard is not a threshold: still reported.
func emptinessGuarded(seq []int64, window []int64) {
	if len(seq) > 0 {
		for _, tok := range window {
			use(slices.Contains(seq, tok)) // want `set breakers is built from slice seq and only probed; for a small source, scanning seq directly beats the map build plus a hash per probe \(crossover ≈8–16 elements\)`
		}
	}
}

// Probe outside any loop: one probe does not repay a map, but it does not
// repeat either — silent.
func probeOnce(seq []int64, tok int64) bool {
	breakers := make(map[int64]bool, len(seq))
	for _, b := range seq {
		breakers[b] = true
	}
	return breakers[tok]
}

// Every probe is rewritten by the fix: the looped one that triggers the
// report and the plain read after it.
func multiProbe(seq []int64, window []int64) bool {
	for _, tok := range window {
		if slices.Contains(seq, tok) { // want `set breakers is built from slice seq and only probed; for a small source, scanning seq directly beats the map build plus a hash per probe \(crossover ≈8–16 elements\)`
			return true
		}
	}
	return slices.Contains(seq, window[0])
}

// A composite-literal declaration builds the same shape.
func literalDecl(names []string, words []string) {
	for _, w := range words {
		use(slices.Contains(names, w)) // want `set set is built from slice names and only probed; for a small source, scanning names directly beats the map build plus a hash per probe \(crossover ≈8–16 elements\)`
	}
}

// The set escapes into a helper: advisory only, no fix.
func passedElsewhere(seq []int64, window []int64) {
	breakers := make(map[int64]bool, len(seq))
	for _, b := range seq {
		breakers[b] = true
	}
	report(breakers)
	for _, tok := range window {
		use(breakers[tok]) // want `set breakers is built from slice seq and only probed; for a small source, scanning seq directly beats the map build plus a hash per probe \(crossover ≈8–16 elements\)`
	}
}

// The source is reassigned after the build, so a direct scan would see
// different contents than the map snapshot: advisory only, no fix.
func srcReassigned(seq []int64, window []int64) {
	breakers := make(map[int64]bool, len(seq))
	for _, b := range seq {
		breakers[b] = true
	}
	seq = nil
	for _, tok := range window {
		use(breakers[tok]) // want `set breakers is built from slice seq and only probed; for a small source, scanning seq directly beats the map build plus a hash per probe \(crossover ≈8–16 elements\)`
	}
}

// The build is conditional, so the map is not provably a full snapshot at
// the probes: advisory only, no fix.
func condBuild(seq []int64, window []int64, cond bool) {
	breakers := make(map[int64]bool, len(seq))
	if cond {
		for _, b := range seq {
			breakers[b] = true
		}
	}
	for _, tok := range window {
		use(breakers[tok]) // want `set breakers is built from slice seq and only probed; for a small source, scanning seq directly beats the map build plus a hash per probe \(crossover ≈8–16 elements\)`
	}
}

// The source name is shadowed at the probe: a slices.Contains(seq, ...)
// rewrite would resolve to the wrong variable there. Advisory only, no fix.
func shadowedSrc(seq []int64, window []int64) {
	breakers := make(map[int64]bool, len(seq))
	for _, b := range seq {
		breakers[b] = true
	}
	for _, tok := range window {
		seq := tok
		_ = seq
		use(breakers[tok]) // want `set breakers is built from slice seq and only probed; for a small source, scanning seq directly beats the map build plus a hash per probe \(crossover ≈8–16 elements\)`
	}
}

// An interface key can hold an uncomparable dynamic value (a slice, map, or
// func): the map build inserts every element and panics at BUILD time, while
// slices.Contains compares lazily and panics only if the scan reaches that
// element at PROBE time. Panic timing diverges: advisory only, no fix.
func interfaceKey(seq []any, window []any) {
	set := make(map[any]bool, len(seq))
	for _, b := range seq {
		set[b] = true
	}
	for _, tok := range window {
		use(set[tok]) // want `set set is built from slice seq and only probed; for a small source, scanning seq directly beats the map build plus a hash per probe \(crossover ≈8–16 elements\)`
	}
}

type ifaceField struct{ x any }

// A struct key containing an interface field inherits the same panic-timing
// divergence: advisory only, no fix.
func interfaceFieldKey(seq []ifaceField, window []ifaceField) {
	set := make(map[ifaceField]bool, len(seq))
	for _, b := range seq {
		set[b] = true
	}
	for _, tok := range window {
		use(set[tok]) // want `set set is built from slice seq and only probed; for a small source, scanning seq directly beats the map build plus a hash per probe \(crossover ≈8–16 elements\)`
	}
}

type intPair struct{ a, b int }

// A strictly-comparable struct key can never panic on ==: the fix still
// applies, proving the interface guard is not over-broad.
func comparableStructKey(seq []intPair, window []intPair) {
	for _, tok := range window {
		use(slices.Contains(seq, tok)) // want `set set is built from slice seq and only probed; for a small source, scanning seq directly beats the map build plus a hash per probe \(crossover ≈8–16 elements\)`
	}
}

// A probe inside a closure may run after the function returns, when the
// caller can mutate the source again: advisory only, no fix.
func escapingClosure(seq []int64, window []int64) func(int64) bool {
	breakers := make(map[int64]bool, len(seq))
	for _, b := range seq {
		breakers[b] = true
	}
	for _, tok := range window {
		use(breakers[tok]) // want `set breakers is built from slice seq and only probed; for a small source, scanning seq directly beats the map build plus a hash per probe \(crossover ≈8–16 elements\)`
	}
	return func(k int64) bool { return breakers[k] }
}
