package ps3015

import (
	"maps"
	"slices"
)

// The bare strings.Compare comparator is slices.Sorted spelled the slow way;
// the rewrites delete this file's ONLY strings references, so the fix drops
// the orphaned strings import. The seq expression is kept verbatim.

// A func literal wrapping strings.Compare.
func sortedKeys(m map[string]int) []string {
	return slices.Sorted(maps.Keys(m)) // want `slices\.SortedFunc with a bare strings\.Compare\(a, b\) comparator pays an indirect comparator call plus a strings\.Compare call per comparison; slices\.Sorted collects and sorts the string elements in the identical byte-lexicographic order with the comparison inlined`
}

// The two-field parameter spelling func(a T, b T) matches like func(a, b T),
// and parameter names are matched by object identity, not spelling.
func sortedVals(ys []string) []string {
	return slices.Sorted(slices.Values(ys)) // want `slices\.Sorted collects and sorts the string elements in the identical byte-lexicographic order`
}
