package ps5084alias

func lastCloneImport(dst, src []byte) int {
	return copy(dst, src) // want "copy source consumes 1 throwaway standard-library Clone layer"
}

func lastMixedAliasImports(dst []byte, text string) int {
	return copy(dst, text) // want "copy source consumes 1 throwaway standard-library Clone layer"
}
