package ps5006

import (
	str "strings"
)

// The file imports strings under an alias: the rewrite reuses it, and
// the orphaned bytes spec is removed.
func aliased(s string) string {
	return str.ToUpper(str.TrimPrefix(s, "*")) // want `string\(bytes\.TrimPrefix\(\[\]byte\(s\), \[\]byte\(prefix\)\)\) copies`
}
