package ps2126

// The only fmt reference in this FILE is the fixable Errorf itself: the
// rewrite orphans the fmt import, the fix pipeline prunes it, and the
// errors import errors.New needs is added (non-cgo file).

import "errors"

func orphan() error {
	return errors.New("only fmt reference in this file") // want `fmt\.Errorf with a verbless constant message`
}
