package ps3002

// The only sort reference in this FILE is the fixable call itself: the
// check STILL fixes it and only ADDS the imports the rewrite needs — it
// never drops or swaps the sort import; the fix pipeline (the runner's
// pruneOrphanedImports; analysistest's FormatSourceRemoveImports plays
// that role here) removes the orphaned sort import after applying the
// edits, which is exactly what the golden shows. This pins the removal
// of the old withhold-when-orphaning gate.

import (
	"cmp"
	"slices"
)

type orphanItem struct{ key int }

func sortOrphan(xs []orphanItem) {
	slices.SortFunc(xs, func(a, b orphanItem) int { return cmp.Compare(a.key, b.key) }) // want `sort\.Slice swaps through reflection and calls its comparator indirectly; slices\.SortFunc sorts the concrete type directly`
}
