package ps3105

import (
	sl "slices"
)

// slices is imported under an ALIAS: the fix spells the call with the
// alias and deletes the now-orphaned sort spec.
func aliasedSlices(xs []int) {
	sl.Sort(xs) // want `sort\.Sort\(sort\.IntSlice\(\.\.\.\)\) sorts through the sort\.Interface adapter \(an interface dispatch per comparison and swap\); slices\.Sort sorts the concrete \[\]int directly with the identical ascending order`
	sl.Reverse(xs)
}
