package ps2016

import (
	"strings"
	"unicode"
)

// The spec after "bytes" already sorts after "strings", so the orphaned
// bytes spec is swapped for "strings" in place and the group stays
// gofmt-sorted.
func swapInPlace(s string) (string, bool) {
	t := strings.TrimRightFunc(s, unicode.IsPunct) // want `string\(bytes\.TrimRightFunc\(\[\]byte\(s\), f\)\) copies`
	ok := len(t) > 0 && unicode.IsLetter(rune(t[0]))
	return t, ok
}
