package ps2118

// The only io reference in this FILE is the fixable WriteString itself:
// the w.Write(b) rewrite orphans the import, and the fix pipeline prunes
// the now-unused io import afterwards, so the fix applies (non-cgo file).

import (
	"bytes"
)

func orphanWrite(buf *bytes.Buffer, b []byte) {
	buf.Write(b) // want `io\.WriteString\(w, string\(b\)\) allocates a string copy of the byte slice just to write it; w\.Write\(b\) writes the bytes directly`
}
